âœ— Not Initialized: Not a zen workspace (or any of the parent directories): .zen
